{"HostConfigHash":"af846bb","CardHash":"faaccb2","Error":null}