{"HostConfigHash":"2f63862","CardHash":"38eb7aa","Error":"Parsing card failed"}