{"HostConfigHash":"af846bb","CardHash":"61705ea","Error":null}