{"HostConfigHash":"38c090f","CardHash":"3353c6b","Error":null}