{"HostConfigHash":"38c090f","CardHash":"a5c25ba","Error":null}