{"HostConfigHash":"1eae351","CardHash":"1d7785f","Error":null}