{"HostConfigHash":"38c090f","CardHash":"8a1b4b0","Error":null}