{"HostConfigHash":"9f2d152","CardHash":"e33f36b","Error":null}