{"HostConfigHash":"4ab2f6b","CardHash":"9a1a538","Error":null}