{"HostConfigHash":"4ab2f6b","CardHash":"727ee34","Error":null}