{"HostConfigHash":"2ba30f5","CardHash":"a1b7203","Error":null}