{"HostConfigHash":"2ba30f5","CardHash":"2842c5f","Error":null}