{"HostConfigHash":"2ba30f5","CardHash":"fc9ef03","Error":null}