{"HostConfigHash":"2ba30f5","CardHash":"05307db","Error":null}