{"HostConfigHash":"2ba30f5","CardHash":"e05d823","Error":null}