{"HostConfigHash":"4307737","CardHash":"f554355","Error":null}