{"HostConfigHash":"c91d539","CardHash":"08cf331","Error":null}