{"HostConfigHash":"c91d539","CardHash":"869d87c","Error":null}