{"HostConfigHash":"4307737","CardHash":"dbaa7f7","Error":null}