{"HostConfigHash":"2ac7c52","CardHash":"05307db","Error":null}