{"HostConfigHash":"8451742","CardHash":"6ee6558","Error":null}