{"HostConfigHash":"a9476b7","CardHash":"74a4c52","Error":null}