{"HostConfigHash":"d790f23","CardHash":"38eb7aa","Error":"Parsing card failed"}