{"HostConfigHash":"cd9e1e1","CardHash":"1b3ff34","Error":null}