{"HostConfigHash":"5cd4939","CardHash":"db5bc77","Error":null}