{"HostConfigHash":"5cd4939","CardHash":"e83b1de","Error":null}