{"HostConfigHash":"96064a9","CardHash":"aacb300","Error":null}