{"HostConfigHash":"cd9e1e1","CardHash":"d0fa751","Error":null}