{"HostConfigHash":"1eb2751","CardHash":"71bacdd","Error":null}