{"HostConfigHash":"febd141","CardHash":"af31b98","Error":null}