{"HostConfigHash":"7a1e012","CardHash":"e27eac4","Error":null}