{"HostConfigHash":"5cd4939","CardHash":"2536b71","Error":null}