{"HostConfigHash":"1eb2751","CardHash":"4e20773","Error":null}