{"HostConfigHash":"52fe357","CardHash":"a134f84","Error":null}