{"HostConfigHash":"1d45011","CardHash":"95231e4","Error":null}