{"HostConfigHash":"7a1e012","CardHash":"fc9ef03","Error":null}