{"HostConfigHash":"cd9e1e1","CardHash":"cb774a9","Error":null}