{"HostConfigHash":"2ad2f87","CardHash":"c87a6d2","Error":null}