{"HostConfigHash":"0164943","CardHash":"a1e8321","Error":null}