{"HostConfigHash":"7a1e012","CardHash":"2d60dfa","Error":null}