{"HostConfigHash":"1407a68","CardHash":"a3a3dda","Error":null}