{"HostConfigHash":"1407a68","CardHash":"e177d51","Error":null}