{
	"$schema": "http://adaptivecards.io/schemas/adaptive-card.json",
	"type": "AdaptiveCard",
	"version": "1.1",
	"verticalContentAlignment": "center",
	"body": [
		{
			"type": "TextBlock",
			"text": "Hi,"
		},
		{
			"type": "TextBlock",
			"text": "MasterHip",
			"isSubtle": true
		},
		{
			"type": "ColumnSet",
			"height": "stretch",
			"columns": [
				{
					"type": "Column",
					"width": 1,
					"items": [
						{
							"type": "TextBlock",
							"text": "Lorem ipsum dolor sit amet, consectetur adipiscing elit, sed do eiusmod tempor incididunt ut labore et dolore magna aliqua. Ut enim ad minim veniam, quis nostrud exercitation ullamco laboris nisi ut aliquip ex ea commodo consequat. Duis aute irure dolor in reprehenderit in voluptate velit esse cillum dolore eu fugiat nulla pariatur. Excepteur sint occaecat cupidatat non proident, sunt in culpa qui officia deserunt mollit anim id est laborum.Lorem ipsum dolor sit amet...",
							"wrap": true
						}
					]
				},
				{
					"type": "Column",
					"width": 1,
					"verticalContentAlignment": "top",
					"items": [
						{
							"type": "TextBlock",
							"text": "This text should be at the top",
							"wrap": true
						}
					]
				},
				{
					"type": "Column",
					"width": 1,
					"verticalContentAlignment": "center",
					"items": [
						{
							"type": "TextBlock",
							"text": "This text should be at the vertical center",
							"wrap": true
						}
					]
				},
				{
					"type": "Column",
					"width": 1,
					"verticalContentAlignment": "bottom",
					"items": [
						{
							"type": "TextBlock",
							"text": "This text should be at the bottom",
							"wrap": true
						}
					]
				}
			]
		}
	]
}
