{"HostConfigHash":null,"CardHash":"5805912","Error":null}