{"HostConfigHash":null,"CardHash":"1d7785f","Error":null}