{"HostConfigHash":"569178d","CardHash":"fc41e3a","Error":null}