{"HostConfigHash":"569178d","CardHash":"f5673a9","Error":null}