{"actions":[{"data":{"id":"1234567890"},"title":"Submit","type":"Action.Submit"},{"card":{"actions":[{"title":"OK","type":"Action.Submit"}],"body":[{"text":"Enter comment","type":"TextBlock"},{"id":"CommentVal","style":"text","type":"Input.Text"}],"type":"AdaptiveCard","version":"1.0"},"title":"Show Card","type":"Action.ShowCard"}],"body":[{"horizontalAlignment":"center","size":"Medium","text":"Input.Text elements","type":"TextBlock","weight":"Bolder"},{"text":"Name","type":"TextBlock"},{"id":"SimpleVal","style":"text","type":"Input.Text"},{"text":"Homepage","type":"TextBlock"},{"id":"UrlVal","style":"Url","type":"Input.Text"},{"text":"Email","type":"TextBlock"},{"id":"EmailVal","style":"Email","type":"Input.Text"},{"text":"Phone","type":"TextBlock"},{"id":"TelVal","style":"Tel","type":"Input.Text"},{"text":"Comments","type":"TextBlock"},{"id":"MultiLineVal","isMultiline":true,"style":"text","type":"Input.Text"},{"text":"Quantity","type":"TextBlock"},{"id":"NumVal","max":5,"min":-5,"type":"Input.Number","value":1},{"text":"Due Date","type":"TextBlock"},{"id":"DateVal","type":"Input.Date","value":"2017-09-20"},{"text":"Start time","type":"TextBlock"},{"id":"TimeVal","type":"Input.Time","value":"16:59"},{"horizontalAlignment":"center","size":"Medium","text":"Input.ChoiceSet","type":"TextBlock","weight":"Bolder"},{"text":"What color do you want? (compact)","type":"TextBlock"},{"choices":[{"title":"Red","value":"1"},{"title":"Green","value":"2"},{"title":"Blue","value":"3"}],"id":"CompactSelectVal","style":"Compact","type":"Input.ChoiceSet","value":"1"},{"text":"What color do you want? (expanded)","type":"TextBlock"},{"choices":[{"title":"Red","value":"1"},{"title":"Green","value":"2"},{"title":"Blue","value":"3"}],"id":"SingleSelectVal","style":"Expanded","type":"Input.ChoiceSet","value":"1"},{"text":"What colors do you want? (multiselect)","type":"TextBlock"},{"choices":[{"title":"Red","value":"1"},{"title":"Green","value":"2"},{"title":"Blue","value":"3"}],"id":"MultiSelectVal","isMultiSelect":true,"style":"Compact","type":"Input.ChoiceSet","value":"1,3"},{"horizontalAlignment":"center","size":"Medium","text":"Input.Toggle","type":"TextBlock","weight":"Bolder"},{"id":"AcceptsTerms","title":"I accept the terms and conditions (True/False)","type":"Input.Toggle"},{"id":"ColorPreference","title":"Red cars are better than other cars","type":"Input.Toggle","valueOff":"NotRedCars","valueOn":"RedCars"}],"type":"AdaptiveCard","version":"1.0"}