{"actions":[{"title":"Default","type":"Action.OpenUrl","url":"https://adaptivecards.io/"},{"style":"positive","title":"Pawsitive","type":"Action.OpenUrl","url":"https://adaptivecards.io/"},{"style":"destructive","title":"Destructive","type":"Action.OpenUrl","url":"https://adaptivecards.io/"},{"style":"other","title":"Other","type":"Action.OpenUrl","url":"https://adaptivecards.io/"}],"body":[{"text":"This card has four OpenUrl actions. The styles from left to right are \"Default\", \"Positive\", \"Destructive\" and \"Other\".","type":"TextBlock","wrap":true}],"type":"AdaptiveCard","version":"1.2"}